// Jest Snapshot v1, https://goo.gl/fbAQLP

exports[`Similar products test Should render similar products component 1`] = `<div />`;
