// Jest Snapshot v1, https://goo.gl/fbAQLP

exports[`Empty cart component tests should match snapshot 1`] = `
<EmptyOrder
  buttonTitle="cart.empty"
  emptyTitle="cart.emptyCart"
  name="empty-cart"
/>
`;
