// Jest Snapshot v1, https://goo.gl/fbAQLP

exports[`Empty order component tests should match snapshot 1`] = `
<Fragment>
  <PathBack />
  <div
    data-cy=""
  >
    <WithStyles(ForwardRef(Typography))
      variant="h2"
    />
    <BackpackIcon />
    <Link
      to="/catalog/:category"
    >
      <WithStyles(ForwardRef(Button))
        variant="contained"
      />
    </Link>
  </div>
</Fragment>
`;
