// Jest Snapshot v1, https://goo.gl/fbAQLP

exports[`sidebar tests should match snapshot 1`] = `
<WithStyles(ForwardRef(Drawer))
  anchor="left"
  className="makeStyles-drawer-1 makeStyles-drawer-10"
  onClose={[Function]}
  open={true}
>
  <WithStyles(ForwardRef(List)) />
  <Link
    className="makeStyles-mainItem-3"
    onClick={[Function]}
    to="/constructor"
  >
    <span
      className="makeStyles-constructorItem-7"
    >
      sidebar.constructorCreate
    </span>
  </Link>
  <div
    className="makeStyles-subList-4"
  >
    <Link
      className="makeStyles-subItem-5"
      key="/materials"
      onClick={[Function]}
      to="/materials"
    >
      <span>
        Materials
      </span>
    </Link>
    <Link
      className="makeStyles-subItem-5"
      key="/pages/about-us"
      onClick={[Function]}
      to="/pages/about-us"
    >
      <span>
        About us
      </span>
    </Link>
    <Link
      className="makeStyles-subItem-5"
      key="/news"
      onClick={[Function]}
      to="/news"
    >
      <span>
        News
      </span>
    </Link>
    <Link
      className="makeStyles-subItem-5"
      key="/contacts"
      onClick={[Function]}
      to="/contacts"
    >
      <span>
        Contacts
      </span>
    </Link>
  </div>
  <SocialLinks
    position="center"
    setIsMenuOpen={[Function]}
    socialIconsStyles="makeStyles-socialIconsStyles-6"
  />
  <default
    fromSideBar={true}
    setIsMenuOpen={[Function]}
  />
</WithStyles(ForwardRef(Drawer))>
`;
